02020000-02073fff : 2020000.sysram
03810000-0381000b : /soc/audss-clock-controller@3810000
03830000-038300ff : /soc/i2s@03830000
03880000-03880fff : /soc/amba/adma@03880000
  03880000-03880fff : /soc/amba/adma@03880000
10040000-10044fff : /soc/system-controller@10040000
101d0000-101d00ff : /soc/watchdog@101d0000
101e0000-101e00ff : /soc/rtc@101E0000
10800000-10800fff : /soc/amba/mdma@10800000
  10800000-10800fff : /soc/amba/mdma@10800000
10830000-108305ff : /soc/sss@10830000
10850000-10850fff : /soc/g2d@10850000
10a60000-10a60fff : /soc/sysmmu@0x10A60000
10a70000-10a70fff : /soc/sysmmu@0x10A70000
10ca1000-10ca11ff : /soc/nocp@10CA1000
10ca1400-10ca15ff : /soc/nocp@10CA1400
10ca1800-10ca19ff : /soc/nocp@10CA1800
10ca1c00-10ca1dff : /soc/nocp@10CA1C00
11000000-1100ffff : /soc/codec@11000000
11200000-11200fff : /soc/sysmmu@0x11200000
11210000-11210fff : /soc/sysmmu@0x11210000
11800000-11804fff : 11800000.mali
11c00000-11c00063 : /soc/rotator@11C00000
11d40000-11d40fff : /soc/sysmmu@0x11D40000
11f10000-11f10fff : /soc/sysmmu@0x11F10000
11f20000-11f20fff : /soc/sysmmu@0x11F20000
11f50000-11f50fff : /soc/jpeg@11F50000
11f60000-11f60fff : /soc/jpeg@11F60000
12000000-12007fff : /soc/usb3-0/dwc3@12000000
  12000000-12007fff : /soc/usb3-0/dwc3@12000000
1200c100-1200ffff : /soc/usb3-0/dwc3@12000000
12100000-121000ff : /soc/phy@12100000
12110000-121100ff : /soc/usb@12110000
12120000-121200ff : /soc/usb@12120000
12130000-121300ff : /soc/phy@12130000
121a0000-121a0fff : /soc/amba/pdma@121A0000
  121a0000-121a0fff : /soc/amba/pdma@121A0000
121b0000-121b0fff : /soc/amba/pdma@121B0000
  121b0000-121b0fff : /soc/amba/pdma@121B0000
12200000-12201fff : /soc/mmc@12200000
12220000-12220fff : /soc/mmc@12220000
12400000-12407fff : /soc/usb3-1/dwc3@12400000
  12400000-12407fff : /soc/usb3-1/dwc3@12400000
1240c100-1240ffff : /soc/usb3-1/dwc3@12400000
12500000-125000ff : /soc/phy@12500000
12880000-12880fff : /soc/sysmmu@0x12880000
12890000-12890fff : /soc/sysmmu@0x12890000
128a0000-128a0fff : /soc/sysmmu@0x128A0000
128c0000-128c0fff : /soc/sysmmu@0x128C0000
128d0000-128d0fff : /soc/sysmmu@0x128D0000
128e0000-128e0fff : /soc/sysmmu@0x128E0000
12c00000-12c000ff : 12c00000.serial
12c10000-12c100ff : 12c10000.serial
12c20000-12c200ff : 12c20000.serial
12c30000-12c300ff : 12c30000.serial
12c70000-12c700ff : /soc/i2c@12C70000
12ca0000-12ca0fff : /soc/i2c@12ca0000
12cb0000-12cb0fff : /soc/i2c@12cb0000
12d10000-12d100ff : /soc/adc@12D10000
12d30000-12d300ff : /soc/spi@12d30000
12dd0000-12dd00ff : /soc/pwm@12DD0000
13e00000-13e00fff : /soc/video-scaler@13e00000
13e10000-13e10fff : /soc/video-scaler@13e10000
13e80000-13e80fff : /soc/sysmmu@0x13E80000
13e90000-13e90fff : /soc/sysmmu@0x13E90000
14530000-1459ffff : /soc/hdmi@14530000
14640000-14640fff : /soc/sysmmu@0x14640000
14650000-14650fff : /soc/sysmmu@0x14650000
14680000-14680fff : /soc/sysmmu@0x14680000
40000000-be9fffff : System RAM
  40008000-40bfffff : Kernel code
  40d00000-40dfbedf : Kernel data
